---
source: crates/migrate-turborepo/tests/migrate_turborepo_test.rs
expression: "fs::read_to_string(sandbox.path().join(\"client/moon.yml\")).unwrap()"
---
language: javascript
platform: bun
tasks:
  build:
    command: bun run build
    deps:
    - ^:build
    outputs:
    - client/**/*
  typecheck:
    command: bun run typecheck
    deps:
    - ~:build

