---
source: crates/migrate-nx/tests/migrate_nx_test.rs
expression: "fs::read_to_string(sandbox.path().join(\".moon/workspace.yml\")).unwrap()"
---
projects:
- apps/*
- packages/*

