---
source: crates/migrate-nx/tests/migrate_nx_test.rs
expression: "fs::read_to_string(sandbox.path().join(\".moon/tasks/node.yml\")).unwrap()"
---
fileGroups:
  variants:
  - $FOO_BAR
  - '**/*'
  - '**/*'
  - '!**/*'
  - /**/*
  - '!/**/*'
  - ./src/file.ts
  - ./src/file.*
  - ./src
